// Jest Snapshot v1, https://goo.gl/fbAQLP

exports[`<ItunesDetailContainer /> should render and match the snapshot 1`] = `
<body>
  <div>
    <div
      class="ItunesDetailContainer__Wrapper-sc-1pgd82j-0 cQiwvY"
      data-testid="detail"
    >
      <p>
        <p
          class="T__StyledText-gjlic1-0 kYcyRq"
          data-testid="t"
        >
          Song Not Found
        </p>
      </p>
    </div>
  </div>
</body>
`;
